// Jest Snapshot v1, https://goo.gl/fbAQLP

exports[`Searchbar component Validates VideoCard snapshot 1`] = `
<div
  className="sc-bdfBwQ gmamkS"
  data-testid="searchbar"
  onClick={[Function]}
>
  <svg
    fill="currentColor"
    height="1em"
    stroke="currentColor"
    strokeWidth="0"
    style={
      Object {
        "color": undefined,
      }
    }
    viewBox="0 0 512 512"
    width="1em"
    xmlns="http://www.w3.org/2000/svg"
  >
    <path
      d="M221.09 64a157.09 157.09 0 10157.09 157.09A157.1 157.1 0 00221.09 64z"
      fill="none"
      strokeMiterlimit="10"
      strokeWidth="32"
    />
    <path
      d="M338.29 338.29L448 448"
      fill="none"
      strokeLinecap="round"
      strokeMiterlimit="10"
      strokeWidth="32"
    />
  </svg>
  <form
    data-testid="form-search"
    onSubmit={[Function]}
  >
    <input
      className="sc-gsTCUz eSCwiF"
      data-testid="input-search"
      onBlur={[Function]}
      placeholder="Search"
      type="search"
    />
  </form>
</div>
`;
