// Jest Snapshot v1, https://goo.gl/fbAQLP

exports[`VideoCard component Validates VideoCard snapshot 1`] = `
<div
  className="sc-bdfBwQ ffiwFl"
>
  <div
    className="sc-gsTCUz htpNBE"
  >
    <img
      alt="Wizeline"
      src="https://yt3.ggpht.com/ytc/AAUvwnighSReQlmHl_S_vSfvnWBAG5Cw4A0YxtE0tm5OpQ=s88-c-k-c0xffffffff-no-rj-mo"
    />
  </div>
  <div
    className="sc-dlfnbm hgzdhR"
  >
    <h6
      className="sc-hKgILt QCDMw"
    >
      <svg
        fill="currentColor"
        height="1em"
        stroke="currentColor"
        strokeWidth="0"
        style={
          Object {
            "color": undefined,
          }
        }
        viewBox="0 0 512 512"
        width="1em"
        xmlns="http://www.w3.org/2000/svg"
      >
        <path
          d="M346.65 304.3a136 136 0 00-180.71 0 21 21 0 1027.91 31.38 94 94 0 01124.89 0 21 21 0 0027.91-31.4z"
        />
        <path
          d="M256.28 183.7a221.47 221.47 0 00-151.8 59.92 21 21 0 1028.68 30.67 180.28 180.28 0 01246.24 0 21 21 0 1028.68-30.67 221.47 221.47 0 00-151.8-59.92z"
        />
        <path
          d="M462 175.86a309 309 0 00-411.44 0 21 21 0 1028 31.29 267 267 0 01355.43 0 21 21 0 0028-31.31z"
        />
        <circle
          cx="256.28"
          cy="393.41"
          r="32"
        />
      </svg>
      upcoming
    </h6>
    <h4
      className="sc-eCssSg egxaJx"
    >
      Wizeline
    </h4>
    <h5
      className="sc-jSgupP cqSvwc"
    >
      Wizeline
    </h5>
    <p
      className="sc-gKsewC eyHrSn"
    >
      2014-09-27T01:39:18Z
    </p>
  </div>
</div>
`;
